ASxxxx Linker V03.00 + NoICE + sdld,  page 1.
Hexadecimal  [32-Bits]

Area                                    Addr        Size        Decimal Bytes (Attributes)
--------------------------------        ----        ----        ------- ----- ------------
.  .ABS.                            00000000    00000000 =           0. bytes (ABS,CON)

      Value  Global                              Global Defined In Module
      -----  --------------------------------   ------------------------
     00000000  .__.ABS.                           
     00000000  l__BSEG                         
     00000000  l__BSS                          
     00000000  l__CABS                         
     00000000  l__DABS                         
     00000000  l__HEADER                       
     00000000  l__HEAP                         
     00000000  l__HOME                         
     00000000  s__CABS                         
     00000000  s__DABS                         
     00000000  s__HEADER                       
     00000000  s__HEADER0                      
     00000000  s__HEADER1                      
     00000001  l__GSFINAL                      
     00000003  l__HEADER0                      
     00000009  l__HEADER1                      
     0000000F  l__GSINIT                       
     00000138  s__CODE                         
     00000398  l__DATA                         
     0000041B  l__INITIALIZED                  
     0000041B  l__INITIALIZER                  
     00006029  l__CODE                         
     00006161  s__DATA                         
     000064F9  s__INITIALIZED                  
     00006914  s__GSINIT                       
     00006914  s__HOME                         
     00006923  s__GSFINAL                      
     00006924  s__INITIALIZER                  
     00006D3F  s__BSEG                         
     00006D3F  s__BSS                          
     00006D3F  s__HEAP                         

ASxxxx Linker V03.00 + NoICE + sdld,  page 2.
Hexadecimal  [32-Bits]

Area                                    Addr        Size        Decimal Bytes (Attributes)
--------------------------------        ----        ----        ------- ----- ------------
_CODE                               00000138    00006029 =       24617. bytes (REL,CON)

      Value  Global                              Global Defined In Module
      -----  --------------------------------   ------------------------
     00000138  _asm_data_quezesto                 alien6
     00000138  _asm_data_quezesto_start           alien6
     0000026E  _asm_data_quezesto_end             alien6
     0000026E  _timerOn                           alien6
     0000026E  _timerOn_start                     alien6
     00000297  _SONG_0                            alien6
     00000297  _timerOn_end                       alien6
     00000724  _timerOff                          alien6
     00000724  _timerOff_start                    alien6
     00000731  _getTime                           alien6
     00000731  _getTime_start                     alien6
     00000731  _timerOff_end                      alien6
     0000073F  _getTime_end                       alien6
     0000073F  _halt_me                           alien6
     0000073F  _halt_me_start                     alien6
     00000745  _halt_me_end                       alien6
     00000745  _scr_waitVSYNC                     alien6
     00000745  _scr_waitVSYNC_start               alien6
     0000074D  _pause                             alien6
     0000074D  _pause_start                       alien6
     0000074D  _scr_waitVSYNC_end                 alien6
     0000075B  _pause_end                         alien6
     0000075B  _set_colours                       alien6
     0000075B  _set_colours_start                 alien6
     00000776  _letrasColorAzul                   alien6
     00000776  _letrasColorAzul_start             alien6
     00000776  _set_colours_end                   alien6
     0000079B  _letrasColorAzul_end               alien6
     0000079B  _letrasColorRojo                   alien6
     0000079B  _letrasColorRojo_start             alien6
     000007C0  _letrasColorRojo_end               alien6
     000007C0  _pixelEstrella                     alien6
     000007C0  _pixelEstrella_start               alien6
     000007CE  _GetMode0PixelColorByte            alien6
     000007CE  _GetMode0PixelColorByte_start      alien6
     000007CE  _pixelEstrella_end                 alien6
     0000082F  _GetMode0PixelColorByte_end        alien6
     0000082F  _inicializarEstrellas              alien6
     0000082F  _inicializarEstrellas_start        alien6
     0000093C  _borrarEstrellas                   alien6
     0000093C  _borrarEstrellas_start             alien6
     0000093C  _inicializarEstrellas_end          alien6
     000009B4  _borrarEstrellas_end               alien6
     000009B4  _pintarEstrellas                   alien6
     000009B4  _pintarEstrellas_start             alien6
     00000A52  _moverEstrellas                    alien6
     00000A52  _moverEstrellas_start              alien6
     00000A52  _pintarEstrellas_end               alien6
     00000AB1  _crearExplosionProta               alien6
     00000AB1  _crearExplosionProta_start         alien6
ASxxxx Linker V03.00 + NoICE + sdld,  page 3.
Hexadecimal  [32-Bits]

Area                                    Addr        Size        Decimal Bytes (Attributes)
--------------------------------        ----        ----        ------- ----- ------------
_CODE                               00000138    00006029 =       24617. bytes (REL,CON)

      Value  Global                              Global Defined In Module
      -----  --------------------------------   ------------------------
     00000AB1  _moverEstrellas_end                alien6
     00000C13  _animarExplosionProta              alien6
     00000C13  _animarExplosionProta_start        alien6
     00000C13  _crearExplosionProta_end           alien6
     00000C50  _actualizarExplosionProta          alien6
     00000C50  _actualizarExplosionProta_start    alien6
     00000C50  _animarExplosionProta_end          alien6
     00000E15  _actualizarExplosionProta_end      alien6
     00000E15  _inicializarExplosiones            alien6
     00000E15  _inicializarExplosiones_start      alien6
     00000EA9  _crearExplosion                    alien6
     00000EA9  _crearExplosion_start              alien6
     00000EA9  _inicializarExplosiones_end        alien6
     00001014  _actualizarExplosiones             alien6
     00001014  _actualizarExplosiones_start       alien6
     00001014  _crearExplosion_end                alien6
     000010D7  _actualizarExplosiones_end         alien6
     000010D7  _animarExplosiones                 alien6
     000010D7  _animarExplosiones_start           alien6
     00001116  _animarExplosiones_end             alien6
     00001116  _inicializarDisparosMalos          alien6
     00001116  _inicializarDisparosMalos_start    alien6
     00001189  _crearDisparoMalo                  alien6
     00001189  _crearDisparoMalo_start            alien6
     00001189  _inicializarDisparosMalos_end      alien6
     00001242  _crearDisparoMalo_end              alien6
     00001242  _moverDisparosMalos                alien6
     00001242  _moverDisparosMalos_start          alien6
     00001459  _borrarDisparosMalos               alien6
     00001459  _borrarDisparosMalos_start         alien6
     00001459  _moverDisparosMalos_end            alien6
     0000153B  _borrarDisparosMalos_end           alien6
     0000153B  _pintarDisparosMalos               alien6
     0000153B  _pintarDisparosMalos_start         alien6
     000016BC  _inicializarAddones                alien6
     000016BC  _inicializarAddones_start          alien6
     000016BC  _pintarDisparosMalos_end           alien6
     000016F1  _crearAddon                        alien6
     000016F1  _crearAddon_start                  alien6
     000016F1  _inicializarAddones_end            alien6
     000017CF  _crearAddon_end                    alien6
     000017CF  _moverAddones                      alien6
     000017CF  _moverAddones_start                alien6
     000019E0  _borrarAddones                     alien6
     000019E0  _borrarAddones_start               alien6
     000019E0  _moverAddones_end                  alien6
     00001AB9  _borrarAddones_end                 alien6
     00001AB9  _pintarAddones                     alien6
     00001AB9  _pintarAddones_start               alien6
     00001BC0  _inicializarAtaques                alien6
     00001BC0  _inicializarAtaques_start          alien6
ASxxxx Linker V03.00 + NoICE + sdld,  page 4.
Hexadecimal  [32-Bits]

Area                                    Addr        Size        Decimal Bytes (Attributes)
--------------------------------        ----        ----        ------- ----- ------------
_CODE                               00000138    00006029 =       24617. bytes (REL,CON)

      Value  Global                              Global Defined In Module
      -----  --------------------------------   ------------------------
     00001BC0  _pintarAddones_end                 alien6
     00001BF3  _crearAtaque                       alien6
     00001BF3  _crearAtaque_start                 alien6
     00001BF3  _inicializarAtaques_end            alien6
     00001C71  _cargarMalo                        alien6
     00001C71  _cargarMalo_start                  alien6
     00001C71  _crearAtaque_end                   alien6
     00001E62  _cargarMalo_end                    alien6
     00001E62  _inicializarMalos                  alien6
     00001E62  _inicializarMalos_start            alien6
     000021A6  _inicializarMalos_end              alien6
     000021A6  _moverMalos                        alien6
     000021A6  _moverMalos_start                  alien6
     00002714  _borrarMalos                       alien6
     00002714  _borrarMalos_start                 alien6
     00002714  _moverMalos_end                    alien6
     00002819  _borrarMalos_end                   alien6
     00002819  _pintarMalos                       alien6
     00002819  _pintarMalos_start                 alien6
     00002923  _inicializarDisparos               alien6
     00002923  _inicializarDisparos_start         alien6
     00002923  _pintarMalos_end                   alien6
     00002999  _crearDisparo                      alien6
     00002999  _crearDisparo_start                alien6
     00002999  _inicializarDisparos_end           alien6
     00002A44  _crearDisparo_end                  alien6
     00002A44  _moverDisparos                     alien6
     00002A44  _moverDisparos_start               alien6
     00002E53  _borrarDisparos                    alien6
     00002E53  _borrarDisparos_start              alien6
     00002E53  _moverDisparos_end                 alien6
     00002F36  _borrarDisparos_end                alien6
     00002F36  _pintarDisparos                    alien6
     00002F36  _pintarDisparos_start              alien6
     0000308D  _inicializarProta                  alien6
     0000308D  _inicializarProta_start            alien6
     0000308D  _pintarDisparos_end                alien6
     000030FA  _inicializarProta_end              alien6
     000030FA  _moverProta                        alien6
     000030FA  _moverProta_start                  alien6
     0000322A  _borrarProta                       alien6
     0000322A  _borrarProta_start                 alien6
     0000322A  _moverProta_end                    alien6
     000032A1  _borrarProta_end                   alien6
     000032A1  _pintarProta                       alien6
     000032A1  _pintarProta_start                 alien6
     000032FB  _inicializarTeclado                alien6
     000032FB  _inicializarTeclado_start          alien6
     000032FB  _pintarProta_end                   alien6
     00003380  _inicializarTeclado_end            alien6
     00003380  _mostrarVidasProta                 alien6
ASxxxx Linker V03.00 + NoICE + sdld,  page 5.
Hexadecimal  [32-Bits]

Area                                    Addr        Size        Decimal Bytes (Attributes)
--------------------------------        ----        ----        ------- ----- ------------
_CODE                               00000138    00006029 =       24617. bytes (REL,CON)

      Value  Global                              Global Defined In Module
      -----  --------------------------------   ------------------------
     00003380  _mostrarVidasProta_start           alien6
     000033AD  _mostrarVidasProta_end             alien6
     000033AD  _pintarBanderasNivel               alien6
     000033AD  _pintarBanderasNivel_start         alien6
     00003428  _motorProta                        alien6
     00003428  _motorProta_start                  alien6
     00003428  _pintarBanderasNivel_end           alien6
     0000345E  _inicializarPartida                alien6
     0000345E  _inicializarPartida_start          alien6
     0000345E  _motorProta_end                    alien6
     00003473  _help                              alien6
     00003473  _help_start                        alien6
     00003473  _inicializarPartida_end            alien6
     000034EA  _help_end                          alien6
     00003554  _gameOver                          alien6
     00003554  _gameOver_start                    alien6
     000035D8  _gameOver_end                      alien6
     0000361F  _levelUp                           alien6
     0000361F  _levelUp_start                     alien6
     000036FE  _levelUp_end                       alien6
     0000375F  _protaDead                         alien6
     0000375F  _protaDead_start                   alien6
     000038A4  _protaDead_end                     alien6
     0000391A  _win                               alien6
     0000391A  _win_start                         alien6
     000039A5  _win_end                           alien6
     000039EC  _redefineKeys                      alien6
     000039EC  _redefineKeys_start                alien6
     00003ABB  _redefineKeys_end                  alien6
     00003AF9  _pintarMenu                        alien6
     00003AF9  _pintarMenu_start                  alien6
     00003B68  _pintarMenu_end                    alien6
     00003BC9  _menu                              alien6
     00003BC9  _menu_start                        alien6
     00003C23  _inicializarNivel                  alien6
     00003C23  _inicializarNivel_start            alien6
     00003C23  _menu_end                          alien6
     00003CFD  _inicializarNivel_end              alien6
     00003D1B  _game                              alien6
     00003D1B  _game_start                        alien6
     00004028  _game_end                          alien6
     0000402D  _InitialSetUp                      alien6
     0000402D  _InitialSetUp_start                alien6
     0000406B  _InitialSetUp_end                  alien6
     0000406B  _main                              alien6
     0000406B  _main_start                        alien6
     0000416D  __clock                            crt0
     0000416D  _main_end                          alien6
     0000416E  _exit                              crt0
     0000416F  _cpc_AnyKeyPressed                 
     0000419E  _cpc_AssignKey                     
ASxxxx Linker V03.00 + NoICE + sdld,  page 6.
Hexadecimal  [32-Bits]

Area                                    Addr        Size        Decimal Bytes (Attributes)
--------------------------------        ----        ----        ------- ----- ------------
_CODE                               00000138    00006029 =       24617. bytes (REL,CON)

      Value  Global                              Global Defined In Module
      -----  --------------------------------   ------------------------
     000041BB  _cpc_TestKey                       
     000041DA  _cpc_RedefineKey                   
     0000424B  _cpc_DeleteKeys                    
     00004259  _cpc_TestKeyF                      
     00004281  _cpc_ScanKeyboard                  
     000042B4  cpc_TestKeyboard                   
     00004307  _cpct_drawSprite                   
     000043B1  _fastCollision2                    
     00004407  _fastCollision                     
     0000444D  _detectCollision                   
     00004523  _getScreenAddress                  
     0000455E  _printSpriteXOR                    
     00004804  _cpc_PrintGphStr2X                 
     0000481B  _cpc_PrintGphStrXY2X               
     00004835  _cpc_PrintGphStrXY                 
     0000484D  _cpc_PrintGphStr                   
     0000499F  _cpc_SetInkGphStr                  
     000049B3  _cpc_PrintGphStrXYM1               
     000049CC  _cpc_PrintGphStrXYM12X             
     000049E6  _cpc_PrintGphStrM12X               
     000049FD  _cpc_PrintGphStrM1                 
     00004AF3  _cpc_SetInkGphStrM1                
     00004CAC  __modsuchar_rrx_s                  
     00004CBB  __moduschar_rrx_s                  
     00004CCD  __divsint_rrx_s                    
     00004CD6  __divschar_rrx_s                   
     00004CDD  __div8                             
     00004CDD  __divschar_rrx_hds                 
     00004CE1  __div_signexte                     
     00004CE5  __div16                            
     00004CE5  __divsint_rrx_hds                  
     00004D0B  __get_remainder                    
     00004D15  _cpc_WyzConfigurePlayer            
     00004D1E  _cpc_WyzInitPlayer                 
     00004D49  _cpc_WyzLoadSong                   
     00004D51  _cpc_WyzSetTempo                   
     00004D5A  _cpc_WyzStartEffect                
     00004D64  _cpc_WyzTestPlayer                 
     00004D6C  _cpc_WyzPlayer                     
     00004D6C  _cpc_WyzSetPlayerOn                
     00004D95  _cpc_WyzSetPlayerOff               
     00004D95  _cpc_WyzSetPlayerOff1              
     000054B9  _cpc_DisableFirmware               
     000054CC  _cpc_EnableFirmware                
     000054D9  _cpc_SetMode                       
     000054E7  _cpc_SetColour                     
     000054F9  _cpc_SetInk                        
     00005504  _cpc_Random                        
     00005513  _cpc_ClrScr                        
     00005521  _cpc_PrintStr                      
     00005541  _cpc_RLI                           
ASxxxx Linker V03.00 + NoICE + sdld,  page 7.
Hexadecimal  [32-Bits]

Area                                    Addr        Size        Decimal Bytes (Attributes)
--------------------------------        ----        ----        ------- ----- ------------
_CODE                               00000138    00006029 =       24617. bytes (REL,CON)

      Value  Global                              Global Defined In Module
      -----  --------------------------------   ------------------------
     0000557D  _cpc_RRI                           
     000055B9  __divsuchar_rrx_s                  
     000055C5  __divuschar_rrx_s                  
     000055D4  __divuint_rrx_s                    
     000055DC  __divuchar_rrx_s                   
     000055E3  __divu8                            
     000055E3  __divuchar_rrx_hds                 
     000055E6  __divu16                           
     000055E6  __divuint_rrx_hds                  
     00005615  __moduchar_rrx_s                   
     0000561C  __moduchar_rrx_hds                 
     00005621  __moduint_rrx_s                    
     00005627  __moduint_rrx_hds                  
     0000564C  _vsprintf                          sprintf
     0000564C  _vsprintf_start                    sprintf
     00005681  _sprintf                           sprintf
     00005681  _sprintf_start                     sprintf
     00005681  _vsprintf_end                      sprintf
     000056B8  _sprintf_end                       sprintf
     000057C7  __print_format                     printf_large
     000057C7  __print_format_start               printf_large
     00006146  __print_format_end                 printf_large
     00006151  _strlen                            
     00006160  __sdcc_call_hl                     

ASxxxx Linker V03.00 + NoICE + sdld,  page 8.
Hexadecimal  [32-Bits]

Area                                    Addr        Size        Decimal Bytes (Attributes)
--------------------------------        ----        ----        ------- ----- ------------
_DATA                               00006161    00000398 =         920. bytes (REL,CON)

      Value  Global                              Global Defined In Module
      -----  --------------------------------   ------------------------
     00006161  _aStars                            alien6
     000061B1  _disparos                          alien6
     000061FC  _disparos_activos                  alien6
     000061FD  _disparosMalos                     alien6
     00006239  _disparos_malos_activos            alien6
     0000623A  _max_disparos_MALOS                alien6
     0000623B  _prota                             alien6
     00006257  _malos                             alien6
     000063B3  _animMotorSprite                   alien6
     000063BB  _malos_activos                     alien6
     000063BC  _explosiones                       alien6
     0000647C  _explosiones_activas               alien6
     0000647D  _explosion_sprite                  alien6
     0000648D  _explosiones_lastUpdated           alien6
     00006491  _explosiones_prota                 alien6
     000064AF  _explosion_prota_lastUpdated       alien6
     000064B3  _fase_explosion_prota              alien6
     000064B4  _explosion_prota_activada          alien6
     000064B5  _fin_explosion_prota               alien6
     000064B6  _state                             alien6
     000064B7  _previous_state                    alien6
     000064B8  _nivel                             alien6
     000064B9  _hostilidad                        alien6
     000064BA  _aux_txt                           alien6
     000064C0  _velXForm                          alien6
     000064C1  _velYForm                          alien6
     000064C2  _stepCount                         alien6
     000064C3  _formMoved                         alien6
     000064C4  _ataques                           alien6
     000064D6  _ataques_activos                   alien6
     000064D7  _max_ataques_activos               alien6
     000064D8  _addones                           alien6
     000064F0  _addones_activos                   alien6
     000064F1  _addon_sprite                      alien6

ASxxxx Linker V03.00 + NoICE + sdld,  page 9.
Hexadecimal  [32-Bits]

Area                                    Addr        Size        Decimal Bytes (Attributes)
--------------------------------        ----        ----        ------- ----- ------------
_INITIALIZED                        000064F9    0000041B =        1051. bytes (REL,CON)

      Value  Global                              Global Defined In Module
      -----  --------------------------------   ------------------------
     000064F9  _trayectoria1                      alien6
     0000650D  _tintas                            alien6
     0000651E  _nave                              alien6
     00006560  _baddie01                          alien6
     0000659E  _baddie02                          alien6
     000065C0  _baddie03                          alien6
     000065E2  _explosion02000                    alien6
     00006624  _explosion02001                    alien6
     00006666  _explosion02002                    alien6
     000066A8  _explosion02003                    alien6
     000066EA  _explosion02004                    alien6
     0000672C  _shot2                             alien6
     0000673A  _shot3                             alien6
     00006744  _heart                             alien6
     00006755  _plane                             alien6
     00006766  _greenFlag                         alien6
     00006774  _redFlag                           alien6
     00006782  _toque000                          alien6
     00006794  _toque001                          alien6
     000067A6  _toque002                          alien6
     000067B8  _toque003                          alien6
     000067CA  _toque004                          alien6
     000067DC  _fire000                           alien6
     000067E2  _fire001                           alien6
     000067E8  _fire002                           alien6
     000067EE  _fire003                           alien6
     000067F4  _addones000                        alien6
     00006816  _addones001                        alien6
     00006838  _addones002                        alien6
     0000685A  _addones003                        alien6
     0000687C  _addones004                        alien6
     0000689E  _escudo                            alien6
     00006900  _timer0                            alien6
     00006902  _timer1                            alien6
     00006904  _nFPS                              alien6
     00006905  _nTimeLast                         alien6
     00006909  _nStar                             alien6
     0000690A  _pStar                             alien6
     0000690C  _lastMovedEstrella                 alien6
     00006910  _estrellasMovidas                  alien6
     00006911  _score                             alien6
     00006913  _cambio_score                      alien6
ASxxxx Linker V03.00 + NoICE + sdld,  page 10.
Hexadecimal  [32-Bits]

Area                                    Addr        Size        Decimal Bytes (Attributes)
--------------------------------        ----        ----        ------- ----- ------------
_GSINIT                             00006914    0000000F =          15. bytes (REL,CON)

      Value  Global                              Global Defined In Module
      -----  --------------------------------   ------------------------
     00006914  gsinit                             crt0

ASxxxx Linker V03.00 + NoICE + sdld,  page 11.
Hexadecimal  [32-Bits]

Area                                    Addr        Size        Decimal Bytes (Attributes)
--------------------------------        ----        ----        ------- ----- ------------
_GSFINAL                            00006923    00000001 =           1. bytes (REL,CON)

      Value  Global                              Global Defined In Module
      -----  --------------------------------   ------------------------
ASxxxx Linker V03.00 + NoICE + sdld,  page 12.
Hexadecimal  [32-Bits]

Area                                    Addr        Size        Decimal Bytes (Attributes)
--------------------------------        ----        ----        ------- ----- ------------
_INITIALIZER                        00006924    0000041B =        1051. bytes (REL,CON)

      Value  Global                              Global Defined In Module
      -----  --------------------------------   ------------------------
ASxxxx Linker V03.00 + NoICE + sdld,  page 13.
Hexadecimal  [32-Bits]

Area                                    Addr        Size        Decimal Bytes (Attributes)
--------------------------------        ----        ----        ------- ----- ------------
_HEADER0                            00000000    00000003 =           3. bytes (ABS,CON)

      Value  Global                              Global Defined In Module
      -----  --------------------------------   ------------------------
ASxxxx Linker V03.00 + NoICE + sdld,  page 14.
Hexadecimal  [32-Bits]

Area                                    Addr        Size        Decimal Bytes (Attributes)
--------------------------------        ----        ----        ------- ----- ------------
_HEADER1                            00000000    00000009 =           9. bytes (ABS,CON)

      Value  Global                              Global Defined In Module
      -----  --------------------------------   ------------------------
ASxxxx Linker V03.00 + NoICE + sdld,  page 15.

Files Linked                              [ module(s) ]

alien6.rel                                [ alien6 ]
crt0_cpc.rel                              [ crt0 ]


Libraries Linked                          [ object file ]

D:\programas\SDCC\bin\..\lib\z80/cpcrslib2.lib
                                          [ Keyboard.rel ]
D:\programas\SDCC\bin\..\lib\z80/alienlib.lib
                                          [ alienlib.rel ]
D:\programas\SDCC\bin\..\lib\z80/cpcrslib2.lib
                                          [ GphStr.rel ]
D:\programas\SDCC\bin\..\lib\z80/z80.lib  [ modmixed.rel ]
D:\programas\SDCC\bin\..\lib\z80/z80.lib  [ divsigned.rel ]
D:\programas\SDCC\bin\..\lib\z80/cpcwyzlib.lib
                                          [ Wyz.rel ]
D:\programas\SDCC\bin\..\lib\z80/cpcrslib2.lib
                                          [ cpcrslib2.rel ]
D:\programas\SDCC\bin\..\lib\z80/z80.lib  [ divmixed.rel ]
D:\programas\SDCC\bin\..\lib\z80/z80.lib  [ divunsigned.rel ]
D:\programas\SDCC\bin\..\lib\z80/z80.lib  [ modunsigned.rel ]
D:\programas\SDCC\bin\..\lib\z80/z80.lib  [ sprintf.rel ]
D:\programas\SDCC\bin\..\lib\z80/z80.lib  [ printf_large.rel ]
D:\programas\SDCC\bin\..\lib\z80/z80.lib  [ strlen.rel ]
D:\programas\SDCC\bin\..\lib\z80/z80.lib  [ crtcall.rel ]

ASxxxx Linker V03.00 + NoICE + sdld,  page 16.

User Base Address Definitions

_CODE = 0x0138
_DATA = 0x0000

