ASxxxx Linker V03.00 + NoICE + sdld,  page 1.
Hexadecimal  [32-Bits]

Area                                    Addr        Size        Decimal Bytes (Attributes)
--------------------------------        ----        ----        ------- ----- ------------
.  .ABS.                            00000000    00000000 =           0. bytes (ABS,CON)

      Value  Global                              Global Defined In Module
      -----  --------------------------------   ------------------------
     00000000  .__.ABS.                           
     00000000  l__BSEG                         
     00000000  l__BSS                          
     00000000  l__CABS                         
     00000000  l__DABS                         
     00000000  l__HEADER                       
     00000000  l__HEAP                         
     00000000  l__HOME                         
     00000000  s__CABS                         
     00000000  s__DABS                         
     00000000  s__HEADER                       
     00000000  s__HEADER0                      
     00000000  s__HEADER1                      
     00000001  l__GSFINAL                      
     00000003  l__HEADER0                      
     00000009  l__HEADER1                      
     0000000F  l__GSINIT                       
     00000138  s__CODE                         
     000002D1  l__DATA                         
     0000035F  l__INITIALIZED                  
     0000035F  l__INITIALIZER                  
     00005F1D  l__CODE                         
     00006055  s__DATA                         
     00006326  s__INITIALIZED                  
     00006685  s__GSINIT                       
     00006685  s__HOME                         
     00006694  s__GSFINAL                      
     00006695  s__INITIALIZER                  
     000069F4  s__BSEG                         
     000069F4  s__BSS                          
     000069F4  s__HEAP                         

ASxxxx Linker V03.00 + NoICE + sdld,  page 2.
Hexadecimal  [32-Bits]

Area                                    Addr        Size        Decimal Bytes (Attributes)
--------------------------------        ----        ----        ------- ----- ------------
_CODE                               00000138    00005F1D =       24349. bytes (REL,CON)

      Value  Global                              Global Defined In Module
      -----  --------------------------------   ------------------------
     00000138  _asm_data_quezesto                 alien6
     00000138  _asm_data_quezesto_start           alien6
     0000026E  _asm_data_quezesto_end             alien6
     0000026E  _timerOn                           alien6
     0000026E  _timerOn_start                     alien6
     00000297  _SONG_0                            alien6
     00000297  _timerOn_end                       alien6
     00000724  _direccionLinea                    alien6
     000008B4  _timerOff                          alien6
     000008B4  _timerOff_start                    alien6
     000008C1  _getTime                           alien6
     000008C1  _getTime_start                     alien6
     000008C1  _timerOff_end                      alien6
     000008CF  _getTime_end                       alien6
     000008CF  _halt_me                           alien6
     000008CF  _halt_me_start                     alien6
     000008D5  _halt_me_end                       alien6
     000008D5  _scr_waitVSYNC                     alien6
     000008D5  _scr_waitVSYNC_start               alien6
     000008DD  _pause                             alien6
     000008DD  _pause_start                       alien6
     000008DD  _scr_waitVSYNC_end                 alien6
     000008EB  _pause_end                         alien6
     000008EB  _set_colours                       alien6
     000008EB  _set_colours_start                 alien6
     00000906  _detectarColision                  alien6
     00000906  _detectarColision_start            alien6
     00000906  _set_colours_end                   alien6
     00000992  _detectarColision_end              alien6
     00000992  _letrasColorAzul                   alien6
     00000992  _letrasColorAzul_start             alien6
     000009B7  _letrasColorAzul_end               alien6
     000009B7  _letrasColorRojo                   alien6
     000009B7  _letrasColorRojo_start             alien6
     000009DC  _letrasColorRojo_end               alien6
     000009DC  _pixelEstrella                     alien6
     000009DC  _pixelEstrella_start               alien6
     000009EA  _GetMode0PixelColorByte            alien6
     000009EA  _GetMode0PixelColorByte_start      alien6
     000009EA  _pixelEstrella_end                 alien6
     00000A4B  _GetMode0PixelColorByte_end        alien6
     00000A4B  _inicializarEstrellas              alien6
     00000A4B  _inicializarEstrellas_start        alien6
     00000B55  _borrarEstrellas                   alien6
     00000B55  _borrarEstrellas_start             alien6
     00000B55  _inicializarEstrellas_end          alien6
     00000BCD  _borrarEstrellas_end               alien6
     00000BCD  _pintarEstrellas                   alien6
     00000BCD  _pintarEstrellas_start             alien6
     00000C77  _moverEstrellas                    alien6
ASxxxx Linker V03.00 + NoICE + sdld,  page 3.
Hexadecimal  [32-Bits]

Area                                    Addr        Size        Decimal Bytes (Attributes)
--------------------------------        ----        ----        ------- ----- ------------
_CODE                               00000138    00005F1D =       24349. bytes (REL,CON)

      Value  Global                              Global Defined In Module
      -----  --------------------------------   ------------------------
     00000C77  _moverEstrellas_start              alien6
     00000C77  _pintarEstrellas_end               alien6
     00000CD8  _crearExplosionProta               alien6
     00000CD8  _crearExplosionProta_start         alien6
     00000CD8  _moverEstrellas_end                alien6
     00000DD8  _animarExplosionProta              alien6
     00000DD8  _animarExplosionProta_start        alien6
     00000DD8  _crearExplosionProta_end           alien6
     00000E15  _actualizarExplosionProta          alien6
     00000E15  _actualizarExplosionProta_start    alien6
     00000E15  _animarExplosionProta_end          alien6
     00000F0D  _actualizarExplosionProta_end      alien6
     00000F0D  _inicializarExplosiones            alien6
     00000F0D  _inicializarExplosiones_start      alien6
     00000FA1  _crearExplosion                    alien6
     00000FA1  _crearExplosion_start              alien6
     00000FA1  _inicializarExplosiones_end        alien6
     00001117  _actualizarExplosiones             alien6
     00001117  _actualizarExplosiones_start       alien6
     00001117  _crearExplosion_end                alien6
     000011DB  _actualizarExplosiones_end         alien6
     000011DB  _animarExplosiones                 alien6
     000011DB  _animarExplosiones_start           alien6
     0000121A  _animarExplosiones_end             alien6
     0000121A  _inicializarDisparosMalos          alien6
     0000121A  _inicializarDisparosMalos_start    alien6
     0000128D  _crearDisparoMalo                  alien6
     0000128D  _crearDisparoMalo_start            alien6
     0000128D  _inicializarDisparosMalos_end      alien6
     00001346  _crearDisparoMalo_end              alien6
     00001346  _moverDisparosMalos                alien6
     00001346  _moverDisparosMalos_start          alien6
     00001528  _borrarDisparosMalos               alien6
     00001528  _borrarDisparosMalos_start         alien6
     00001528  _moverDisparosMalos_end            alien6
     00001605  _borrarDisparosMalos_end           alien6
     00001605  _pintarDisparosMalos               alien6
     00001605  _pintarDisparosMalos_start         alien6
     0000177D  _inicializarAddones                alien6
     0000177D  _inicializarAddones_start          alien6
     0000177D  _pintarDisparosMalos_end           alien6
     000017B2  _crearAddon                        alien6
     000017B2  _crearAddon_start                  alien6
     000017B2  _inicializarAddones_end            alien6
     00001884  _borrarAddones                     alien6
     00001884  _borrarAddones_start               alien6
     00001884  _crearAddon_end                    alien6
     0000193A  _borrarAddones_end                 alien6
     0000193A  _moverAddones                      alien6
     0000193A  _moverAddones_start                alien6
     00001A40  _moverAddones_end                  alien6
ASxxxx Linker V03.00 + NoICE + sdld,  page 4.
Hexadecimal  [32-Bits]

Area                                    Addr        Size        Decimal Bytes (Attributes)
--------------------------------        ----        ----        ------- ----- ------------
_CODE                               00000138    00005F1D =       24349. bytes (REL,CON)

      Value  Global                              Global Defined In Module
      -----  --------------------------------   ------------------------
     00001A40  _pintarAddones                     alien6
     00001A40  _pintarAddones_start               alien6
     00001B3C  _inicializarAtaques                alien6
     00001B3C  _inicializarAtaques_start          alien6
     00001B3C  _pintarAddones_end                 alien6
     00001B6F  _crearAtaque                       alien6
     00001B6F  _crearAtaque_start                 alien6
     00001B6F  _inicializarAtaques_end            alien6
     00001BED  _cargarMalo                        alien6
     00001BED  _cargarMalo_start                  alien6
     00001BED  _crearAtaque_end                   alien6
     00001DDE  _cargarMalo_end                    alien6
     00001DDE  _inicializarMalos                  alien6
     00001DDE  _inicializarMalos_start            alien6
     0000220A  _borrarMalos                       alien6
     0000220A  _borrarMalos_start                 alien6
     0000220A  _inicializarMalos_end              alien6
     00002341  _borrarMalos_end                   alien6
     00002341  _moverMalos                        alien6
     00002341  _moverMalos_start                  alien6
     00002879  _moverMalos_end                    alien6
     00002879  _pintarMalos                       alien6
     00002879  _pintarMalos_start                 alien6
     000029B4  _inicializarDisparos               alien6
     000029B4  _inicializarDisparos_start         alien6
     000029B4  _pintarMalos_end                   alien6
     00002A23  _crearDisparo                      alien6
     00002A23  _crearDisparo_start                alien6
     00002A23  _inicializarDisparos_end           alien6
     00002ACE  _crearDisparo_end                  alien6
     00002ACE  _moverDisparos                     alien6
     00002ACE  _moverDisparos_start               alien6
     00002EEE  _borrarDisparos                    alien6
     00002EEE  _borrarDisparos_start              alien6
     00002EEE  _moverDisparos_end                 alien6
     00002FE4  _borrarDisparos_end                alien6
     00002FE4  _pintarDisparos                    alien6
     00002FE4  _pintarDisparos_start              alien6
     0000313F  _inicializarProta                  alien6
     0000313F  _inicializarProta_start            alien6
     0000313F  _pintarDisparos_end                alien6
     00003185  _borrarProta                       alien6
     00003185  _borrarProta_start                 alien6
     00003185  _inicializarProta_end              alien6
     000031CB  _borrarProta_end                   alien6
     000031CB  _moverProta                        alien6
     000031CB  _moverProta_start                  alien6
     000032F8  _moverProta_end                    alien6
     000032F8  _pintarProta                       alien6
     000032F8  _pintarProta_start                 alien6
     0000333D  _inicializarTeclado                alien6
ASxxxx Linker V03.00 + NoICE + sdld,  page 5.
Hexadecimal  [32-Bits]

Area                                    Addr        Size        Decimal Bytes (Attributes)
--------------------------------        ----        ----        ------- ----- ------------
_CODE                               00000138    00005F1D =       24349. bytes (REL,CON)

      Value  Global                              Global Defined In Module
      -----  --------------------------------   ------------------------
     0000333D  _inicializarTeclado_start          alien6
     0000333D  _pintarProta_end                   alien6
     000033CE  _inicializarTeclado_end            alien6
     000033CE  _mostrarVidasProta                 alien6
     000033CE  _mostrarVidasProta_start           alien6
     00003429  _mostrarVidasProta_end             alien6
     00003429  _pintarBanderasNivel               alien6
     00003429  _pintarBanderasNivel_start         alien6
     00003513  _inicializarPartida                alien6
     00003513  _inicializarPartida_start          alien6
     00003513  _pintarBanderasNivel_end           alien6
     00003528  _debug                             alien6
     00003528  _debug_start                       alien6
     00003528  _inicializarPartida_end            alien6
     000035D6  _debug_end                         alien6
     00003634  _help                              alien6
     00003634  _help_start                        alien6
     00003686  _help_end                          alien6
     000036F0  _gameOver                          alien6
     000036F0  _gameOver_start                    alien6
     00003774  _gameOver_end                      alien6
     000037BB  _levelUp                           alien6
     000037BB  _levelUp_start                     alien6
     00003865  _levelUp_end                       alien6
     000038AE  _win                               alien6
     000038AE  _win_start                         alien6
     00003939  _win_end                           alien6
     00003980  _redefineKeys                      alien6
     00003980  _redefineKeys_start                alien6
     00003A4F  _redefineKeys_end                  alien6
     00003A8D  _pintarMenu                        alien6
     00003A8D  _pintarMenu_start                  alien6
     00003AFC  _pintarMenu_end                    alien6
     00003B5D  _menu                              alien6
     00003B5D  _menu_start                        alien6
     00003BF2  _inicializarNivel                  alien6
     00003BF2  _inicializarNivel_start            alien6
     00003BF2  _menu_end                          alien6
     00003CCC  _inicializarNivel_end              alien6
     00003CEA  _game                              alien6
     00003CEA  _game_start                        alien6
     00003FF6  _game_end                          alien6
     00003FFB  _InitialSetUp                      alien6
     00003FFB  _InitialSetUp_start                alien6
     00004039  _InitialSetUp_end                  alien6
     00004039  _main                              alien6
     00004039  _main_start                        alien6
     00004118  __clock                            crt0
     00004118  _main_end                          alien6
     00004119  _exit                              crt0
     0000411A  _putchar                           
ASxxxx Linker V03.00 + NoICE + sdld,  page 6.
Hexadecimal  [32-Bits]

Area                                    Addr        Size        Decimal Bytes (Attributes)
--------------------------------        ----        ----        ------- ----- ------------
_CODE                               00000138    00005F1D =       24349. bytes (REL,CON)

      Value  Global                              Global Defined In Module
      -----  --------------------------------   ------------------------
     0000411A  _putchar_rr_s                      
     00004123  _putchar_rr_dbs                    
     00004128  _cpc_AnyKeyPressed                 
     00004157  _cpc_AssignKey                     
     00004174  _cpc_TestKey                       
     00004193  _cpc_RedefineKey                   
     00004204  _cpc_DeleteKeys                    
     00004212  _cpc_TestKeyF                      
     0000423A  _cpc_ScanKeyboard                  
     0000426D  cpc_TestKeyboard                   
     0000432A  _cpc_PrintGphStr2X                 
     00004341  _cpc_PrintGphStrXY2X               
     0000435B  _cpc_PrintGphStrXY                 
     00004373  _cpc_PrintGphStr                   
     000044C5  _cpc_SetInkGphStr                  
     000044D9  _cpc_PrintGphStrXYM1               
     000044F2  _cpc_PrintGphStrXYM12X             
     0000450C  _cpc_PrintGphStrM12X               
     00004523  _cpc_PrintGphStrM1                 
     00004619  _cpc_SetInkGphStrM1                
     000047D2  _cpc_WyzConfigurePlayer            
     000047DB  _cpc_WyzInitPlayer                 
     00004806  _cpc_WyzLoadSong                   
     0000480E  _cpc_WyzSetTempo                   
     00004817  _cpc_WyzStartEffect                
     00004821  _cpc_WyzTestPlayer                 
     00004829  _cpc_WyzPlayer                     
     00004829  _cpc_WyzSetPlayerOn                
     00004852  _cpc_WyzSetPlayerOff               
     00004852  _cpc_WyzSetPlayerOff1              
     00004F76  _cpc_SetMode                       
     00004F84  _cpc_SetModo                       
     00004F8C  _cpc_SetColour                     
     00004F9E  _cpc_SetInk                        
     00004FA9  _cpc_SetBorder                     
     00004FB2  _cpc_Random                        
     00004FC1  _cpc_ClrScr                        
     00004FCF  _cpc_PrintStr                      
     00004FEF  _cpc_DisableFirmware               
     00005002  _cpc_EnableFirmware                
     0000500F  _cpc_GetScrAddress                 
     00005080  _cpc_RLI                           
     000050BC  _cpc_RRI                           
     000050F8  _cpc_CollSp                        
     0000516D  __divsuchar_rrx_s                  
     00005179  __divuschar_rrx_s                  
     00005188  __moduchar_rrx_s                   
     0000518F  __moduchar_rrx_hds                 
     00005194  __moduint_rrx_s                    
     0000519A  __moduint_rrx_hds                  
     000051BF  _vsprintf                          sprintf
ASxxxx Linker V03.00 + NoICE + sdld,  page 7.
Hexadecimal  [32-Bits]

Area                                    Addr        Size        Decimal Bytes (Attributes)
--------------------------------        ----        ----        ------- ----- ------------
_CODE                               00000138    00005F1D =       24349. bytes (REL,CON)

      Value  Global                              Global Defined In Module
      -----  --------------------------------   ------------------------
     000051BF  _vsprintf_start                    sprintf
     000051F4  _sprintf                           sprintf
     000051F4  _sprintf_start                     sprintf
     000051F4  _vsprintf_end                      sprintf
     0000522B  __divsint_rrx_s                    
     0000522B  _sprintf_end                       sprintf
     00005234  __divschar_rrx_s                   
     0000523B  __div8                             
     0000523B  __divschar_rrx_hds                 
     0000523F  __div_signexte                     
     00005243  __div16                            
     00005243  __divsint_rrx_hds                  
     00005269  __get_remainder                    
     00005273  _cpc_PutSprite                     
     0000531A  _cpc_PutSp                         
     0000535B  _cpc_PutSp4x14                     
     00005391  _cpc_PutSpXOR                      
     000053B5  _cpc_PutSpriteXOR                  
     000053EB  _cpc_PutSpTr                       
     0000544F  _cpc_GetSp                         
     00005470  cpc_GetSp0                         
     00005490  _cpc_PutMaskSp                     
     000054D6  _cpc_PutMaskSprite                 
     000054EB  _cpc_PutMaskSp2x8                  
     00005524  _cpc_PutMaskSp4x16                 
     0000556B  __divuint_rrx_s                    
     00005573  __divuchar_rrx_s                   
     0000557A  __divu8                            
     0000557A  __divuchar_rrx_hds                 
     0000557D  __divu16                           
     0000557D  __divuint_rrx_hds                  
     000056BB  __print_format                     printf_large
     000056BB  __print_format_start               printf_large
     0000603A  __print_format_end                 printf_large
     00006045  _strlen                            
     00006054  __sdcc_call_hl                     

ASxxxx Linker V03.00 + NoICE + sdld,  page 8.
Hexadecimal  [32-Bits]

Area                                    Addr        Size        Decimal Bytes (Attributes)
--------------------------------        ----        ----        ------- ----- ------------
_DATA                               00006055    000002D1 =         721. bytes (REL,CON)

      Value  Global                              Global Defined In Module
      -----  --------------------------------   ------------------------
     00006055  _aStars                            alien6
     000060A5  _disparos                          alien6
     000060F0  _disparos_activos                  alien6
     000060F1  _disparosMalos                     alien6
     0000612D  _disparos_malos_activos            alien6
     0000612E  _MAX_DISPAROS_MALOS                alien6
     0000612F  _prota                             alien6
     00006148  _malos                             alien6
     000061F6  _malos_activos                     alien6
     000061F7  _explosiones                       alien6
     000062B7  _explosiones_activas               alien6
     000062B8  _explosion_sprite                  alien6
     000062C8  _explosiones_lastUpdated           alien6
     000062CC  _explosiones_prota                 alien6
     000062E0  _explosion_prota_lastUpdated       alien6
     000062E4  _fase_explosion_prota              alien6
     000062E5  _explosion_prota_activada          alien6
     000062E6  _fin_explosion_prota               alien6
     000062E7  _state                             alien6
     000062E8  _previous_state                    alien6
     000062E9  _nivel                             alien6
     000062EA  _hostilidad                        alien6
     000062EB  _aux_txt                           alien6
     000062F1  _velXForm                          alien6
     000062F2  _velYForm                          alien6
     000062F3  _stepCount                         alien6
     000062F4  _formMoved                         alien6
     000062F5  _ataques                           alien6
     00006307  _ataques_activos                   alien6
     00006308  _max_ataques_activos               alien6
     00006309  _addones                           alien6
     0000631D  _addones_activos                   alien6
     0000631E  _addon_sprite                      alien6
ASxxxx Linker V03.00 + NoICE + sdld,  page 9.
Hexadecimal  [32-Bits]

Area                                    Addr        Size        Decimal Bytes (Attributes)
--------------------------------        ----        ----        ------- ----- ------------
_INITIALIZED                        00006326    0000035F =         863. bytes (REL,CON)

      Value  Global                              Global Defined In Module
      -----  --------------------------------   ------------------------
     00006326  _trayectoria1                      alien6
     0000633A  _tintas                            alien6
     0000634B  _nave                              alien6
     0000638B  _shot                              alien6
     0000638F  _baddie01                          alien6
     000063CB  _explosion02000                    alien6
     0000640B  _explosion02001                    alien6
     0000644B  _explosion02002                    alien6
     0000648B  _explosion02003                    alien6
     000064CB  _explosion02004                    alien6
     0000650B  _shot2                             alien6
     00006517  _shot3                             alien6
     0000651F  _heart                             alien6
     0000652E  _plane                             alien6
     0000653D  _greenFlag                         alien6
     00006549  _redFlag                           alien6
     00006555  _baddie02                          alien6
     00006575  _baddie03                          alien6
     00006595  _toque000                          alien6
     000065A5  _toque001                          alien6
     000065B5  _toque002                          alien6
     000065C5  _toque003                          alien6
     000065D5  _toque004                          alien6
     000065E5  _fire000                           alien6
     000065E9  _fire001                           alien6
     000065ED  _fire002                           alien6
     000065F1  _addones000                        alien6
     00006611  _addones001                        alien6
     00006631  _addones002                        alien6
     00006651  _addones003                        alien6
     00006671  _timer0                            alien6
     00006673  _timer1                            alien6
     00006675  _nFPS                              alien6
     00006676  _nTimeLast                         alien6
     0000667A  _nStar                             alien6
     0000667B  _pStar                             alien6
     0000667D  _lastMovedEstrella                 alien6
     00006681  _estrellasMovidas                  alien6
     00006682  _score                             alien6
     00006684  _cambio_score                      alien6

ASxxxx Linker V03.00 + NoICE + sdld,  page 10.
Hexadecimal  [32-Bits]

Area                                    Addr        Size        Decimal Bytes (Attributes)
--------------------------------        ----        ----        ------- ----- ------------
_GSINIT                             00006685    0000000F =          15. bytes (REL,CON)

      Value  Global                              Global Defined In Module
      -----  --------------------------------   ------------------------
     00006685  gsinit                             crt0

ASxxxx Linker V03.00 + NoICE + sdld,  page 11.
Hexadecimal  [32-Bits]

Area                                    Addr        Size        Decimal Bytes (Attributes)
--------------------------------        ----        ----        ------- ----- ------------
_GSFINAL                            00006694    00000001 =           1. bytes (REL,CON)

      Value  Global                              Global Defined In Module
      -----  --------------------------------   ------------------------
ASxxxx Linker V03.00 + NoICE + sdld,  page 12.
Hexadecimal  [32-Bits]

Area                                    Addr        Size        Decimal Bytes (Attributes)
--------------------------------        ----        ----        ------- ----- ------------
_INITIALIZER                        00006695    0000035F =         863. bytes (REL,CON)

      Value  Global                              Global Defined In Module
      -----  --------------------------------   ------------------------
ASxxxx Linker V03.00 + NoICE + sdld,  page 13.
Hexadecimal  [32-Bits]

Area                                    Addr        Size        Decimal Bytes (Attributes)
--------------------------------        ----        ----        ------- ----- ------------
_HEADER0                            00000000    00000003 =           3. bytes (ABS,CON)

      Value  Global                              Global Defined In Module
      -----  --------------------------------   ------------------------
ASxxxx Linker V03.00 + NoICE + sdld,  page 14.
Hexadecimal  [32-Bits]

Area                                    Addr        Size        Decimal Bytes (Attributes)
--------------------------------        ----        ----        ------- ----- ------------
_HEADER1                            00000000    00000009 =           9. bytes (ABS,CON)

      Value  Global                              Global Defined In Module
      -----  --------------------------------   ------------------------
ASxxxx Linker V03.00 + NoICE + sdld,  page 15.

Files Linked                              [ module(s) ]

alien6.rel                                [ alien6 ]
crt0_cpc.rel                              [ crt0 ]
putchar_cpc.rel                           [  ]


Libraries Linked                          [ object file ]

C:\Program Files\SDCC\bin\..\lib\z80/cpcrslib.lib
                                          [ Keyboard.rel ]
C:\Program Files\SDCC\bin\..\lib\z80/cpcrslib.lib
                                          [ GphStr.rel ]
C:\Program Files\SDCC\bin\..\lib\z80/cpcwyzlib.lib
                                          [ Wyz.rel ]
C:\Program Files\SDCC\bin\..\lib\z80/cpcrslib.lib
                                          [ cpcrslib.rel ]
C:\Program Files\SDCC\bin\..\lib\z80/z80.lib
                                          [ divmixed.rel ]
C:\Program Files\SDCC\bin\..\lib\z80/z80.lib
                                          [ modunsigned.rel ]
C:\Program Files\SDCC\bin\..\lib\z80/z80.lib
                                          [ sprintf.rel ]
C:\Program Files\SDCC\bin\..\lib\z80/z80.lib
                                          [ divsigned.rel ]
C:\Program Files\SDCC\bin\..\lib\z80/cpcrslib.lib
                                          [ Sprites.rel ]
C:\Program Files\SDCC\bin\..\lib\z80/z80.lib
                                          [ divunsigned.rel ]
C:\Program Files\SDCC\bin\..\lib\z80/z80.lib
                                          [ printf_large.rel ]
C:\Program Files\SDCC\bin\..\lib\z80/z80.lib
                                          [ strlen.rel ]
C:\Program Files\SDCC\bin\..\lib\z80/z80.lib
                                          [ crtcall.rel ]

ASxxxx Linker V03.00 + NoICE + sdld,  page 16.

User Base Address Definitions

_CODE = 0x0138
_DATA = 0x0000

