ASxxxx Linker V03.00 + NoICE + sdld,  page 1.
Hexadecimal  [32-Bits]

Area                                    Addr        Size        Decimal Bytes (Attributes)
--------------------------------        ----        ----        ------- ----- ------------
.  .ABS.                            00000000    00000000 =           0. bytes (ABS,CON)

      Value  Global                              Global Defined In Module
      -----  --------------------------------   ------------------------
     00000000  .__.ABS.                           
     00000000  l__BSEG                         
     00000000  l__BSS                          
     00000000  l__CABS                         
     00000000  l__DABS                         
     00000000  l__HEADER                       
     00000000  l__HEAP                         
     00000000  l__HOME                         
     00000000  s__CABS                         
     00000000  s__DABS                         
     00000000  s__HEADER                       
     00000000  s__HEADER0                      
     00000000  s__HEADER1                      
     00000001  l__GSFINAL                      
     00000003  l__HEADER0                      
     00000009  l__HEADER1                      
     0000000F  l__GSINIT                       
     00000138  s__CODE                         
     00000315  l__DATA                         
     00000391  l__INITIALIZED                  
     00000391  l__INITIALIZER                  
     00005E66  l__CODE                         
     00005F9E  s__DATA                         
     000062B3  s__INITIALIZED                  
     00006644  s__GSINIT                       
     00006644  s__HOME                         
     00006653  s__GSFINAL                      
     00006654  s__INITIALIZER                  
     000069E5  s__BSEG                         
     000069E5  s__BSS                          
     000069E5  s__HEAP                         

ASxxxx Linker V03.00 + NoICE + sdld,  page 2.
Hexadecimal  [32-Bits]

Area                                    Addr        Size        Decimal Bytes (Attributes)
--------------------------------        ----        ----        ------- ----- ------------
_CODE                               00000138    00005E66 =       24166. bytes (REL,CON)

      Value  Global                              Global Defined In Module
      -----  --------------------------------   ------------------------
     00000138  _asm_data_quezesto                 alien6
     00000138  _asm_data_quezesto_start           alien6
     0000026E  _asm_data_quezesto_end             alien6
     0000026E  _timerOn                           alien6
     0000026E  _timerOn_start                     alien6
     00000297  _SONG_0                            alien6
     00000297  _timerOn_end                       alien6
     00000724  _timerOff                          alien6
     00000724  _timerOff_start                    alien6
     00000731  _getTime                           alien6
     00000731  _getTime_start                     alien6
     00000731  _timerOff_end                      alien6
     0000073F  _getTime_end                       alien6
     0000073F  _halt_me                           alien6
     0000073F  _halt_me_start                     alien6
     00000745  _halt_me_end                       alien6
     00000745  _scr_waitVSYNC                     alien6
     00000745  _scr_waitVSYNC_start               alien6
     0000074D  _pause                             alien6
     0000074D  _pause_start                       alien6
     0000074D  _scr_waitVSYNC_end                 alien6
     0000075B  _pause_end                         alien6
     0000075B  _set_colours                       alien6
     0000075B  _set_colours_start                 alien6
     00000776  _detectarColision                  alien6
     00000776  _detectarColision_start            alien6
     00000776  _set_colours_end                   alien6
     00000802  _detectarColision_end              alien6
     00000802  _letrasColorAzul                   alien6
     00000802  _letrasColorAzul_start             alien6
     00000827  _letrasColorAzul_end               alien6
     00000827  _letrasColorRojo                   alien6
     00000827  _letrasColorRojo_start             alien6
     0000084C  _letrasColorRojo_end               alien6
     0000084C  _pixelEstrella                     alien6
     0000084C  _pixelEstrella_start               alien6
     0000085A  _GetMode0PixelColorByte            alien6
     0000085A  _GetMode0PixelColorByte_start      alien6
     0000085A  _pixelEstrella_end                 alien6
     000008BB  _GetMode0PixelColorByte_end        alien6
     000008BB  _inicializarEstrellas              alien6
     000008BB  _inicializarEstrellas_start        alien6
     000009C8  _borrarEstrellas                   alien6
     000009C8  _borrarEstrellas_start             alien6
     000009C8  _inicializarEstrellas_end          alien6
     00000A40  _borrarEstrellas_end               alien6
     00000A40  _pintarEstrellas                   alien6
     00000A40  _pintarEstrellas_start             alien6
     00000AE2  _moverEstrellas                    alien6
     00000AE2  _moverEstrellas_start              alien6
ASxxxx Linker V03.00 + NoICE + sdld,  page 3.
Hexadecimal  [32-Bits]

Area                                    Addr        Size        Decimal Bytes (Attributes)
--------------------------------        ----        ----        ------- ----- ------------
_CODE                               00000138    00005E66 =       24166. bytes (REL,CON)

      Value  Global                              Global Defined In Module
      -----  --------------------------------   ------------------------
     00000AE2  _pintarEstrellas_end               alien6
     00000B41  _crearExplosionProta               alien6
     00000B41  _crearExplosionProta_start         alien6
     00000B41  _moverEstrellas_end                alien6
     00000CA3  _animarExplosionProta              alien6
     00000CA3  _animarExplosionProta_start        alien6
     00000CA3  _crearExplosionProta_end           alien6
     00000CE0  _actualizarExplosionProta          alien6
     00000CE0  _actualizarExplosionProta_start    alien6
     00000CE0  _animarExplosionProta_end          alien6
     00000EA5  _actualizarExplosionProta_end      alien6
     00000EA5  _inicializarExplosiones            alien6
     00000EA5  _inicializarExplosiones_start      alien6
     00000F39  _crearExplosion                    alien6
     00000F39  _crearExplosion_start              alien6
     00000F39  _inicializarExplosiones_end        alien6
     000010A4  _actualizarExplosiones             alien6
     000010A4  _actualizarExplosiones_start       alien6
     000010A4  _crearExplosion_end                alien6
     00001167  _actualizarExplosiones_end         alien6
     00001167  _animarExplosiones                 alien6
     00001167  _animarExplosiones_start           alien6
     000011A6  _animarExplosiones_end             alien6
     000011A6  _inicializarDisparosMalos          alien6
     000011A6  _inicializarDisparosMalos_start    alien6
     00001219  _crearDisparoMalo                  alien6
     00001219  _crearDisparoMalo_start            alien6
     00001219  _inicializarDisparosMalos_end      alien6
     000012D2  _crearDisparoMalo_end              alien6
     000012D2  _moverDisparosMalos                alien6
     000012D2  _moverDisparosMalos_start          alien6
     000014B4  _borrarDisparosMalos               alien6
     000014B4  _borrarDisparosMalos_start         alien6
     000014B4  _moverDisparosMalos_end            alien6
     00001596  _borrarDisparosMalos_end           alien6
     00001596  _pintarDisparosMalos               alien6
     00001596  _pintarDisparosMalos_start         alien6
     00001717  _inicializarAddones                alien6
     00001717  _inicializarAddones_start          alien6
     00001717  _pintarDisparosMalos_end           alien6
     0000174C  _crearAddon                        alien6
     0000174C  _crearAddon_start                  alien6
     0000174C  _inicializarAddones_end            alien6
     00001857  _crearAddon_end                    alien6
     00001857  _moverAddones                      alien6
     00001857  _moverAddones_start                alien6
     0000196F  _borrarAddones                     alien6
     0000196F  _borrarAddones_start               alien6
     0000196F  _moverAddones_end                  alien6
     00001A17  _borrarAddones_end                 alien6
     00001A17  _pintarAddones                     alien6
ASxxxx Linker V03.00 + NoICE + sdld,  page 4.
Hexadecimal  [32-Bits]

Area                                    Addr        Size        Decimal Bytes (Attributes)
--------------------------------        ----        ----        ------- ----- ------------
_CODE                               00000138    00005E66 =       24166. bytes (REL,CON)

      Value  Global                              Global Defined In Module
      -----  --------------------------------   ------------------------
     00001A17  _pintarAddones_start               alien6
     00001B05  _inicializarAtaques                alien6
     00001B05  _inicializarAtaques_start          alien6
     00001B05  _pintarAddones_end                 alien6
     00001B38  _crearAtaque                       alien6
     00001B38  _crearAtaque_start                 alien6
     00001B38  _inicializarAtaques_end            alien6
     00001BB6  _cargarMalo                        alien6
     00001BB6  _cargarMalo_start                  alien6
     00001BB6  _crearAtaque_end                   alien6
     00001DA7  _cargarMalo_end                    alien6
     00001DA7  _inicializarMalos                  alien6
     00001DA7  _inicializarMalos_start            alien6
     000020D8  _inicializarMalos_end              alien6
     000020D8  _moverMalos                        alien6
     000020D8  _moverMalos_start                  alien6
     0000260F  _borrarMalos                       alien6
     0000260F  _borrarMalos_start                 alien6
     0000260F  _moverMalos_end                    alien6
     00002714  _borrarMalos_end                   alien6
     00002714  _pintarMalos                       alien6
     00002714  _pintarMalos_start                 alien6
     0000281E  _inicializarDisparos               alien6
     0000281E  _inicializarDisparos_start         alien6
     0000281E  _pintarMalos_end                   alien6
     0000288D  _crearDisparo                      alien6
     0000288D  _crearDisparo_start                alien6
     0000288D  _inicializarDisparos_end           alien6
     00002938  _crearDisparo_end                  alien6
     00002938  _moverDisparos                     alien6
     00002938  _moverDisparos_start               alien6
     00002D57  _borrarDisparos                    alien6
     00002D57  _borrarDisparos_start              alien6
     00002D57  _moverDisparos_end                 alien6
     00002E1F  _borrarDisparos_end                alien6
     00002E1F  _pintarDisparos                    alien6
     00002E1F  _pintarDisparos_start              alien6
     00002F8D  _inicializarProta                  alien6
     00002F8D  _inicializarProta_start            alien6
     00002F8D  _pintarDisparos_end                alien6
     00002FD3  _inicializarProta_end              alien6
     00002FD3  _moverProta                        alien6
     00002FD3  _moverProta_start                  alien6
     00003100  _borrarProta                       alien6
     00003100  _borrarProta_start                 alien6
     00003100  _moverProta_end                    alien6
     00003146  _borrarProta_end                   alien6
     00003146  _pintarProta                       alien6
     00003146  _pintarProta_start                 alien6
     0000318B  _inicializarTeclado                alien6
     0000318B  _inicializarTeclado_start          alien6
ASxxxx Linker V03.00 + NoICE + sdld,  page 5.
Hexadecimal  [32-Bits]

Area                                    Addr        Size        Decimal Bytes (Attributes)
--------------------------------        ----        ----        ------- ----- ------------
_CODE                               00000138    00005E66 =       24166. bytes (REL,CON)

      Value  Global                              Global Defined In Module
      -----  --------------------------------   ------------------------
     0000318B  _pintarProta_end                   alien6
     0000321C  _inicializarTeclado_end            alien6
     0000321C  _mostrarVidasProta                 alien6
     0000321C  _mostrarVidasProta_start           alien6
     00003249  _mostrarVidasProta_end             alien6
     00003249  _pintarBanderasNivel               alien6
     00003249  _pintarBanderasNivel_start         alien6
     000032C4  _inicializarPartida                alien6
     000032C4  _inicializarPartida_start          alien6
     000032C4  _pintarBanderasNivel_end           alien6
     000032D9  _debug                             alien6
     000032D9  _debug_start                       alien6
     000032D9  _inicializarPartida_end            alien6
     000033CF  _debug_end                         alien6
     00003449  _help                              alien6
     00003449  _help_start                        alien6
     000034AE  _help_end                          alien6
     00003518  _gameOver                          alien6
     00003518  _gameOver_start                    alien6
     0000359C  _gameOver_end                      alien6
     000035E3  _levelUp                           alien6
     000035E3  _levelUp_start                     alien6
     000036D0  _levelUp_end                       alien6
     00003731  _protaDead                         alien6
     00003731  _protaDead_start                   alien6
     00003876  _protaDead_end                     alien6
     000038EC  _win                               alien6
     000038EC  _win_start                         alien6
     00003977  _win_end                           alien6
     000039BE  _redefineKeys                      alien6
     000039BE  _redefineKeys_start                alien6
     00003A8D  _redefineKeys_end                  alien6
     00003ACB  _pintarMenu                        alien6
     00003ACB  _pintarMenu_start                  alien6
     00003B3A  _pintarMenu_end                    alien6
     00003B9B  _menu                              alien6
     00003B9B  _menu_start                        alien6
     00003C30  _inicializarNivel                  alien6
     00003C30  _inicializarNivel_start            alien6
     00003C30  _menu_end                          alien6
     00003D0A  _inicializarNivel_end              alien6
     00003D28  _game                              alien6
     00003D28  _game_start                        alien6
     00004034  _game_end                          alien6
     00004039  _InitialSetUp                      alien6
     00004039  _InitialSetUp_start                alien6
     00004077  _InitialSetUp_end                  alien6
     00004077  _main                              alien6
     00004077  _main_start                        alien6
     0000416F  __clock                            crt0
     0000416F  _main_end                          alien6
ASxxxx Linker V03.00 + NoICE + sdld,  page 6.
Hexadecimal  [32-Bits]

Area                                    Addr        Size        Decimal Bytes (Attributes)
--------------------------------        ----        ----        ------- ----- ------------
_CODE                               00000138    00005E66 =       24166. bytes (REL,CON)

      Value  Global                              Global Defined In Module
      -----  --------------------------------   ------------------------
     00004170  _exit                              crt0
     00004171  _putchar                           
     00004171  _putchar_rr_s                      
     0000417A  _putchar_rr_dbs                    
     0000417F  _cpc_AnyKeyPressed                 
     000041AE  _cpc_AssignKey                     
     000041CB  _cpc_TestKey                       
     000041EA  _cpc_RedefineKey                   
     0000425B  _cpc_DeleteKeys                    
     00004269  _cpc_TestKeyF                      
     00004291  _cpc_ScanKeyboard                  
     000042C4  cpc_TestKeyboard                   
     00004317  _getScreenAddress                  
     00004352  _printSpriteXOR                    
     00004662  _cpc_PrintGphStr2X                 
     00004679  _cpc_PrintGphStrXY2X               
     00004693  _cpc_PrintGphStrXY                 
     000046AB  _cpc_PrintGphStr                   
     000047FD  _cpc_SetInkGphStr                  
     00004811  _cpc_PrintGphStrXYM1               
     0000482A  _cpc_PrintGphStrXYM12X             
     00004844  _cpc_PrintGphStrM12X               
     0000485B  _cpc_PrintGphStrM1                 
     00004951  _cpc_SetInkGphStrM1                
     00004B0A  _cpc_WyzConfigurePlayer            
     00004B13  _cpc_WyzInitPlayer                 
     00004B3E  _cpc_WyzLoadSong                   
     00004B46  _cpc_WyzSetTempo                   
     00004B4F  _cpc_WyzStartEffect                
     00004B59  _cpc_WyzTestPlayer                 
     00004B61  _cpc_WyzPlayer                     
     00004B61  _cpc_WyzSetPlayerOn                
     00004B8A  _cpc_WyzSetPlayerOff               
     00004B8A  _cpc_WyzSetPlayerOff1              
     000052AE  _cpc_DisableFirmware               
     000052C1  _cpc_EnableFirmware                
     000052CE  _cpc_SetMode                       
     000052DC  _cpc_SetColour                     
     000052EE  _cpc_SetInk                        
     000052F9  _cpc_Random                        
     00005308  _cpc_ClrScr                        
     00005316  _cpc_PrintStr                      
     00005336  _cpc_RLI                           
     00005372  _cpc_RRI                           
     000053AE  __divsuchar_rrx_s                  
     000053BA  __divuschar_rrx_s                  
     000053C9  __moduchar_rrx_s                   
     000053D0  __moduchar_rrx_hds                 
     000053D5  __moduint_rrx_s                    
     000053DB  __moduint_rrx_hds                  
     00005400  _vsprintf                          sprintf
ASxxxx Linker V03.00 + NoICE + sdld,  page 7.
Hexadecimal  [32-Bits]

Area                                    Addr        Size        Decimal Bytes (Attributes)
--------------------------------        ----        ----        ------- ----- ------------
_CODE                               00000138    00005E66 =       24166. bytes (REL,CON)

      Value  Global                              Global Defined In Module
      -----  --------------------------------   ------------------------
     00005400  _vsprintf_start                    sprintf
     00005435  _sprintf                           sprintf
     00005435  _sprintf_start                     sprintf
     00005435  _vsprintf_end                      sprintf
     0000546C  __divsint_rrx_s                    
     0000546C  _sprintf_end                       sprintf
     00005475  __divschar_rrx_s                   
     0000547C  __div8                             
     0000547C  __divschar_rrx_hds                 
     00005480  __div_signexte                     
     00005484  __div16                            
     00005484  __divsint_rrx_hds                  
     000054AA  __get_remainder                    
     000054B4  __divuint_rrx_s                    
     000054BC  __divuchar_rrx_s                   
     000054C3  __divu8                            
     000054C3  __divuchar_rrx_hds                 
     000054C6  __divu16                           
     000054C6  __divuint_rrx_hds                  
     00005604  __print_format                     printf_large
     00005604  __print_format_start               printf_large
     00005F83  __print_format_end                 printf_large
     00005F8E  _strlen                            
     00005F9D  __sdcc_call_hl                     

ASxxxx Linker V03.00 + NoICE + sdld,  page 8.
Hexadecimal  [32-Bits]

Area                                    Addr        Size        Decimal Bytes (Attributes)
--------------------------------        ----        ----        ------- ----- ------------
_DATA                               00005F9E    00000315 =         789. bytes (REL,CON)

      Value  Global                              Global Defined In Module
      -----  --------------------------------   ------------------------
     00005F9E  _aStars                            alien6
     00005FEE  _disparos                          alien6
     00006039  _disparos_activos                  alien6
     0000603A  _disparosMalos                     alien6
     00006076  _disparos_malos_activos            alien6
     00006077  _MAX_DISPAROS_MALOS                alien6
     00006078  _prota                             alien6
     00006091  _malos                             alien6
     00006179  _malos_activos                     alien6
     0000617A  _explosiones                       alien6
     0000623A  _explosiones_activas               alien6
     0000623B  _explosion_sprite                  alien6
     0000624B  _explosiones_lastUpdated           alien6
     0000624F  _explosiones_prota                 alien6
     0000626D  _explosion_prota_lastUpdated       alien6
     00006271  _fase_explosion_prota              alien6
     00006272  _explosion_prota_activada          alien6
     00006273  _fin_explosion_prota               alien6
     00006274  _state                             alien6
     00006275  _previous_state                    alien6
     00006276  _nivel                             alien6
     00006277  _hostilidad                        alien6
     00006278  _aux_txt                           alien6
     0000627E  _velXForm                          alien6
     0000627F  _velYForm                          alien6
     00006280  _stepCount                         alien6
     00006281  _formMoved                         alien6
     00006282  _ataques                           alien6
     00006294  _ataques_activos                   alien6
     00006295  _max_ataques_activos               alien6
     00006296  _addones                           alien6
     000062AA  _addones_activos                   alien6
     000062AB  _addon_sprite                      alien6
ASxxxx Linker V03.00 + NoICE + sdld,  page 9.
Hexadecimal  [32-Bits]

Area                                    Addr        Size        Decimal Bytes (Attributes)
--------------------------------        ----        ----        ------- ----- ------------
_INITIALIZED                        000062B3    00000391 =         913. bytes (REL,CON)

      Value  Global                              Global Defined In Module
      -----  --------------------------------   ------------------------
     000062B3  _trayectoria1                      alien6
     000062C7  _tintas                            alien6
     000062D8  _nave                              alien6
     0000631A  _baddie01                          alien6
     00006358  _baddie02                          alien6
     0000637A  _baddie03                          alien6
     0000639C  _explosion02000                    alien6
     000063DE  _explosion02001                    alien6
     00006420  _explosion02002                    alien6
     00006462  _explosion02003                    alien6
     000064A4  _explosion02004                    alien6
     000064E6  _shot2                             alien6
     000064F4  _shot3                             alien6
     000064FE  _heart                             alien6
     0000650F  _plane                             alien6
     00006520  _greenFlag                         alien6
     0000652E  _redFlag                           alien6
     0000653C  _toque000                          alien6
     0000654E  _toque001                          alien6
     00006560  _toque002                          alien6
     00006572  _toque003                          alien6
     00006584  _toque004                          alien6
     00006596  _fire000                           alien6
     0000659C  _fire001                           alien6
     000065A2  _fire002                           alien6
     000065A8  _addones000                        alien6
     000065CA  _addones001                        alien6
     000065EC  _addones002                        alien6
     0000660E  _addones003                        alien6
     00006630  _timer0                            alien6
     00006632  _timer1                            alien6
     00006634  _nFPS                              alien6
     00006635  _nTimeLast                         alien6
     00006639  _nStar                             alien6
     0000663A  _pStar                             alien6
     0000663C  _lastMovedEstrella                 alien6
     00006640  _estrellasMovidas                  alien6
     00006641  _score                             alien6
     00006643  _cambio_score                      alien6
ASxxxx Linker V03.00 + NoICE + sdld,  page 10.
Hexadecimal  [32-Bits]

Area                                    Addr        Size        Decimal Bytes (Attributes)
--------------------------------        ----        ----        ------- ----- ------------
_GSINIT                             00006644    0000000F =          15. bytes (REL,CON)

      Value  Global                              Global Defined In Module
      -----  --------------------------------   ------------------------
     00006644  gsinit                             crt0

ASxxxx Linker V03.00 + NoICE + sdld,  page 11.
Hexadecimal  [32-Bits]

Area                                    Addr        Size        Decimal Bytes (Attributes)
--------------------------------        ----        ----        ------- ----- ------------
_GSFINAL                            00006653    00000001 =           1. bytes (REL,CON)

      Value  Global                              Global Defined In Module
      -----  --------------------------------   ------------------------
ASxxxx Linker V03.00 + NoICE + sdld,  page 12.
Hexadecimal  [32-Bits]

Area                                    Addr        Size        Decimal Bytes (Attributes)
--------------------------------        ----        ----        ------- ----- ------------
_INITIALIZER                        00006654    00000391 =         913. bytes (REL,CON)

      Value  Global                              Global Defined In Module
      -----  --------------------------------   ------------------------
ASxxxx Linker V03.00 + NoICE + sdld,  page 13.
Hexadecimal  [32-Bits]

Area                                    Addr        Size        Decimal Bytes (Attributes)
--------------------------------        ----        ----        ------- ----- ------------
_HEADER0                            00000000    00000003 =           3. bytes (ABS,CON)

      Value  Global                              Global Defined In Module
      -----  --------------------------------   ------------------------
ASxxxx Linker V03.00 + NoICE + sdld,  page 14.
Hexadecimal  [32-Bits]

Area                                    Addr        Size        Decimal Bytes (Attributes)
--------------------------------        ----        ----        ------- ----- ------------
_HEADER1                            00000000    00000009 =           9. bytes (ABS,CON)

      Value  Global                              Global Defined In Module
      -----  --------------------------------   ------------------------
ASxxxx Linker V03.00 + NoICE + sdld,  page 15.

Files Linked                              [ module(s) ]

alien6.rel                                [ alien6 ]
crt0_cpc.rel                              [ crt0 ]
putchar_cpc.rel                           [  ]


Libraries Linked                          [ object file ]

C:\Program Files\SDCC\bin\..\lib\z80/cpcrslib2.lib
                                          [ Keyboard.rel ]
C:\Program Files\SDCC\bin\..\lib\z80/alienlib.lib
                                          [ alienlib.rel ]
C:\Program Files\SDCC\bin\..\lib\z80/cpcrslib2.lib
                                          [ GphStr.rel ]
C:\Program Files\SDCC\bin\..\lib\z80/cpcwyzlib.lib
                                          [ Wyz.rel ]
C:\Program Files\SDCC\bin\..\lib\z80/cpcrslib2.lib
                                          [ cpcrslib2.rel ]
C:\Program Files\SDCC\bin\..\lib\z80/z80.lib
                                          [ divmixed.rel ]
C:\Program Files\SDCC\bin\..\lib\z80/z80.lib
                                          [ modunsigned.rel ]
C:\Program Files\SDCC\bin\..\lib\z80/z80.lib
                                          [ sprintf.rel ]
C:\Program Files\SDCC\bin\..\lib\z80/z80.lib
                                          [ divsigned.rel ]
C:\Program Files\SDCC\bin\..\lib\z80/z80.lib
                                          [ divunsigned.rel ]
C:\Program Files\SDCC\bin\..\lib\z80/z80.lib
                                          [ printf_large.rel ]
C:\Program Files\SDCC\bin\..\lib\z80/z80.lib
                                          [ strlen.rel ]
C:\Program Files\SDCC\bin\..\lib\z80/z80.lib
                                          [ crtcall.rel ]

ASxxxx Linker V03.00 + NoICE + sdld,  page 16.

User Base Address Definitions

_CODE = 0x0138
_DATA = 0x0000

