ASxxxx Linker V03.00 + NoICE + sdld,  page 1.
Hexadecimal  [32-Bits]

Area                                    Addr        Size        Decimal Bytes (Attributes)
--------------------------------        ----        ----        ------- ----- ------------
.  .ABS.                            00000000    00000000 =           0. bytes (ABS,CON)

      Value  Global                              Global Defined In Module
      -----  --------------------------------   ------------------------
     00000000  .__.ABS.                           
     00000000  l__BSEG                         
     00000000  l__BSS                          
     00000000  l__CABS                         
     00000000  l__DABS                         
     00000000  l__HEADER                       
     00000000  l__HEAP                         
     00000000  l__HOME                         
     00000000  s__CABS                         
     00000000  s__DABS                         
     00000000  s__HEADER                       
     00000000  s__HEADER0                      
     00000000  s__HEADER1                      
     00000001  l__GSFINAL                      
     00000003  l__HEADER0                      
     00000009  l__HEADER1                      
     0000000F  l__GSINIT                       
     00000138  s__CODE                         
     00000315  l__DATA                         
     00000391  l__INITIALIZED                  
     00000391  l__INITIALIZER                  
     00005E92  l__CODE                         
     00005FCA  s__DATA                         
     000062DF  s__INITIALIZED                  
     00006670  s__GSINIT                       
     00006670  s__HOME                         
     0000667F  s__GSFINAL                      
     00006680  s__INITIALIZER                  
     00006A11  s__BSEG                         
     00006A11  s__BSS                          
     00006A11  s__HEAP                         

ASxxxx Linker V03.00 + NoICE + sdld,  page 2.
Hexadecimal  [32-Bits]

Area                                    Addr        Size        Decimal Bytes (Attributes)
--------------------------------        ----        ----        ------- ----- ------------
_CODE                               00000138    00005E92 =       24210. bytes (REL,CON)

      Value  Global                              Global Defined In Module
      -----  --------------------------------   ------------------------
     00000138  _asm_data_quezesto                 alien6
     00000138  _asm_data_quezesto_start           alien6
     0000026E  _asm_data_quezesto_end             alien6
     0000026E  _timerOn                           alien6
     0000026E  _timerOn_start                     alien6
     00000297  _SONG_0                            alien6
     00000297  _timerOn_end                       alien6
     00000724  _timerOff                          alien6
     00000724  _timerOff_start                    alien6
     00000731  _getTime                           alien6
     00000731  _getTime_start                     alien6
     00000731  _timerOff_end                      alien6
     0000073F  _getTime_end                       alien6
     0000073F  _halt_me                           alien6
     0000073F  _halt_me_start                     alien6
     00000745  _halt_me_end                       alien6
     00000745  _scr_waitVSYNC                     alien6
     00000745  _scr_waitVSYNC_start               alien6
     0000074D  _pause                             alien6
     0000074D  _pause_start                       alien6
     0000074D  _scr_waitVSYNC_end                 alien6
     0000075B  _pause_end                         alien6
     0000075B  _set_colours                       alien6
     0000075B  _set_colours_start                 alien6
     00000776  _detectarColision                  alien6
     00000776  _detectarColision_start            alien6
     00000776  _set_colours_end                   alien6
     00000802  _detectarColision_end              alien6
     00000802  _letrasColorAzul                   alien6
     00000802  _letrasColorAzul_start             alien6
     00000827  _letrasColorAzul_end               alien6
     00000827  _letrasColorRojo                   alien6
     00000827  _letrasColorRojo_start             alien6
     0000084C  _letrasColorRojo_end               alien6
     0000084C  _pixelEstrella                     alien6
     0000084C  _pixelEstrella_start               alien6
     0000085A  _GetMode0PixelColorByte            alien6
     0000085A  _GetMode0PixelColorByte_start      alien6
     0000085A  _pixelEstrella_end                 alien6
     000008BB  _GetMode0PixelColorByte_end        alien6
     000008BB  _inicializarEstrellas              alien6
     000008BB  _inicializarEstrellas_start        alien6
     000009C8  _borrarEstrellas                   alien6
     000009C8  _borrarEstrellas_start             alien6
     000009C8  _inicializarEstrellas_end          alien6
     00000A40  _borrarEstrellas_end               alien6
     00000A40  _pintarEstrellas                   alien6
     00000A40  _pintarEstrellas_start             alien6
     00000AE2  _moverEstrellas                    alien6
     00000AE2  _moverEstrellas_start              alien6
ASxxxx Linker V03.00 + NoICE + sdld,  page 3.
Hexadecimal  [32-Bits]

Area                                    Addr        Size        Decimal Bytes (Attributes)
--------------------------------        ----        ----        ------- ----- ------------
_CODE                               00000138    00005E92 =       24210. bytes (REL,CON)

      Value  Global                              Global Defined In Module
      -----  --------------------------------   ------------------------
     00000AE2  _pintarEstrellas_end               alien6
     00000B41  _crearExplosionProta               alien6
     00000B41  _crearExplosionProta_start         alien6
     00000B41  _moverEstrellas_end                alien6
     00000CA3  _animarExplosionProta              alien6
     00000CA3  _animarExplosionProta_start        alien6
     00000CA3  _crearExplosionProta_end           alien6
     00000CE0  _actualizarExplosionProta          alien6
     00000CE0  _actualizarExplosionProta_start    alien6
     00000CE0  _animarExplosionProta_end          alien6
     00000EA5  _actualizarExplosionProta_end      alien6
     00000EA5  _inicializarExplosiones            alien6
     00000EA5  _inicializarExplosiones_start      alien6
     00000F39  _crearExplosion                    alien6
     00000F39  _crearExplosion_start              alien6
     00000F39  _inicializarExplosiones_end        alien6
     000010A4  _actualizarExplosiones             alien6
     000010A4  _actualizarExplosiones_start       alien6
     000010A4  _crearExplosion_end                alien6
     00001167  _actualizarExplosiones_end         alien6
     00001167  _animarExplosiones                 alien6
     00001167  _animarExplosiones_start           alien6
     000011A6  _animarExplosiones_end             alien6
     000011A6  _inicializarDisparosMalos          alien6
     000011A6  _inicializarDisparosMalos_start    alien6
     00001219  _crearDisparoMalo                  alien6
     00001219  _crearDisparoMalo_start            alien6
     00001219  _inicializarDisparosMalos_end      alien6
     000012D2  _crearDisparoMalo_end              alien6
     000012D2  _moverDisparosMalos                alien6
     000012D2  _moverDisparosMalos_start          alien6
     000014B4  _borrarDisparosMalos               alien6
     000014B4  _borrarDisparosMalos_start         alien6
     000014B4  _moverDisparosMalos_end            alien6
     00001596  _borrarDisparosMalos_end           alien6
     00001596  _pintarDisparosMalos               alien6
     00001596  _pintarDisparosMalos_start         alien6
     00001717  _inicializarAddones                alien6
     00001717  _inicializarAddones_start          alien6
     00001717  _pintarDisparosMalos_end           alien6
     0000174C  _crearAddon                        alien6
     0000174C  _crearAddon_start                  alien6
     0000174C  _inicializarAddones_end            alien6
     00001857  _crearAddon_end                    alien6
     00001857  _moverAddones                      alien6
     00001857  _moverAddones_start                alien6
     0000196F  _borrarAddones                     alien6
     0000196F  _borrarAddones_start               alien6
     0000196F  _moverAddones_end                  alien6
     00001A17  _borrarAddones_end                 alien6
     00001A17  _pintarAddones                     alien6
ASxxxx Linker V03.00 + NoICE + sdld,  page 4.
Hexadecimal  [32-Bits]

Area                                    Addr        Size        Decimal Bytes (Attributes)
--------------------------------        ----        ----        ------- ----- ------------
_CODE                               00000138    00005E92 =       24210. bytes (REL,CON)

      Value  Global                              Global Defined In Module
      -----  --------------------------------   ------------------------
     00001A17  _pintarAddones_start               alien6
     00001B05  _inicializarAtaques                alien6
     00001B05  _inicializarAtaques_start          alien6
     00001B05  _pintarAddones_end                 alien6
     00001B38  _crearAtaque                       alien6
     00001B38  _crearAtaque_start                 alien6
     00001B38  _inicializarAtaques_end            alien6
     00001BB6  _cargarMalo                        alien6
     00001BB6  _cargarMalo_start                  alien6
     00001BB6  _crearAtaque_end                   alien6
     00001DA7  _cargarMalo_end                    alien6
     00001DA7  _inicializarMalos                  alien6
     00001DA7  _inicializarMalos_start            alien6
     000020EB  _inicializarMalos_end              alien6
     000020EB  _moverMalos                        alien6
     000020EB  _moverMalos_start                  alien6
     00002622  _borrarMalos                       alien6
     00002622  _borrarMalos_start                 alien6
     00002622  _moverMalos_end                    alien6
     00002727  _borrarMalos_end                   alien6
     00002727  _pintarMalos                       alien6
     00002727  _pintarMalos_start                 alien6
     00002831  _inicializarDisparos               alien6
     00002831  _inicializarDisparos_start         alien6
     00002831  _pintarMalos_end                   alien6
     000028A0  _crearDisparo                      alien6
     000028A0  _crearDisparo_start                alien6
     000028A0  _inicializarDisparos_end           alien6
     0000294B  _crearDisparo_end                  alien6
     0000294B  _moverDisparos                     alien6
     0000294B  _moverDisparos_start               alien6
     00002D6A  _borrarDisparos                    alien6
     00002D6A  _borrarDisparos_start              alien6
     00002D6A  _moverDisparos_end                 alien6
     00002E32  _borrarDisparos_end                alien6
     00002E32  _pintarDisparos                    alien6
     00002E32  _pintarDisparos_start              alien6
     00002FA0  _inicializarProta                  alien6
     00002FA0  _inicializarProta_start            alien6
     00002FA0  _pintarDisparos_end                alien6
     00002FE6  _inicializarProta_end              alien6
     00002FE6  _moverProta                        alien6
     00002FE6  _moverProta_start                  alien6
     00003113  _borrarProta                       alien6
     00003113  _borrarProta_start                 alien6
     00003113  _moverProta_end                    alien6
     00003159  _borrarProta_end                   alien6
     00003159  _pintarProta                       alien6
     00003159  _pintarProta_start                 alien6
     0000319E  _inicializarTeclado                alien6
     0000319E  _inicializarTeclado_start          alien6
ASxxxx Linker V03.00 + NoICE + sdld,  page 5.
Hexadecimal  [32-Bits]

Area                                    Addr        Size        Decimal Bytes (Attributes)
--------------------------------        ----        ----        ------- ----- ------------
_CODE                               00000138    00005E92 =       24210. bytes (REL,CON)

      Value  Global                              Global Defined In Module
      -----  --------------------------------   ------------------------
     0000319E  _pintarProta_end                   alien6
     0000322F  _inicializarTeclado_end            alien6
     0000322F  _mostrarVidasProta                 alien6
     0000322F  _mostrarVidasProta_start           alien6
     0000325C  _mostrarVidasProta_end             alien6
     0000325C  _pintarBanderasNivel               alien6
     0000325C  _pintarBanderasNivel_start         alien6
     000032D7  _inicializarPartida                alien6
     000032D7  _inicializarPartida_start          alien6
     000032D7  _pintarBanderasNivel_end           alien6
     000032EC  _debug                             alien6
     000032EC  _debug_start                       alien6
     000032EC  _inicializarPartida_end            alien6
     000033E2  _debug_end                         alien6
     0000345C  _help                              alien6
     0000345C  _help_start                        alien6
     000034C1  _help_end                          alien6
     0000352B  _gameOver                          alien6
     0000352B  _gameOver_start                    alien6
     000035AF  _gameOver_end                      alien6
     000035F6  _levelUp                           alien6
     000035F6  _levelUp_start                     alien6
     000036E3  _levelUp_end                       alien6
     00003744  _protaDead                         alien6
     00003744  _protaDead_start                   alien6
     00003889  _protaDead_end                     alien6
     000038FF  _win                               alien6
     000038FF  _win_start                         alien6
     0000398A  _win_end                           alien6
     000039D1  _redefineKeys                      alien6
     000039D1  _redefineKeys_start                alien6
     00003AA0  _redefineKeys_end                  alien6
     00003ADE  _pintarMenu                        alien6
     00003ADE  _pintarMenu_start                  alien6
     00003B4D  _pintarMenu_end                    alien6
     00003BAE  _menu                              alien6
     00003BAE  _menu_start                        alien6
     00003C43  _inicializarNivel                  alien6
     00003C43  _inicializarNivel_start            alien6
     00003C43  _menu_end                          alien6
     00003D1D  _inicializarNivel_end              alien6
     00003D3B  _game                              alien6
     00003D3B  _game_start                        alien6
     0000404D  _game_end                          alien6
     00004052  _InitialSetUp                      alien6
     00004052  _InitialSetUp_start                alien6
     00004090  _InitialSetUp_end                  alien6
     00004090  _main                              alien6
     00004090  _main_start                        alien6
     00004188  __clock                            crt0
     00004188  _main_end                          alien6
ASxxxx Linker V03.00 + NoICE + sdld,  page 6.
Hexadecimal  [32-Bits]

Area                                    Addr        Size        Decimal Bytes (Attributes)
--------------------------------        ----        ----        ------- ----- ------------
_CODE                               00000138    00005E92 =       24210. bytes (REL,CON)

      Value  Global                              Global Defined In Module
      -----  --------------------------------   ------------------------
     00004189  _exit                              crt0
     0000418A  _cpc_AnyKeyPressed                 
     000041B9  _cpc_AssignKey                     
     000041D6  _cpc_TestKey                       
     000041F5  _cpc_RedefineKey                   
     00004266  _cpc_DeleteKeys                    
     00004274  _cpc_TestKeyF                      
     0000429C  _cpc_ScanKeyboard                  
     000042CF  cpc_TestKeyboard                   
     00004322  _getScreenAddress                  
     0000435D  _printSpriteXOR                    
     0000466D  _cpc_PrintGphStr2X                 
     00004684  _cpc_PrintGphStrXY2X               
     0000469E  _cpc_PrintGphStrXY                 
     000046B6  _cpc_PrintGphStr                   
     00004808  _cpc_SetInkGphStr                  
     0000481C  _cpc_PrintGphStrXYM1               
     00004835  _cpc_PrintGphStrXYM12X             
     0000484F  _cpc_PrintGphStrM12X               
     00004866  _cpc_PrintGphStrM1                 
     0000495C  _cpc_SetInkGphStrM1                
     00004B15  __modsuchar_rrx_s                  
     00004B24  __moduschar_rrx_s                  
     00004B36  __divsint_rrx_s                    
     00004B3F  __divschar_rrx_s                   
     00004B46  __div8                             
     00004B46  __divschar_rrx_hds                 
     00004B4A  __div_signexte                     
     00004B4E  __div16                            
     00004B4E  __divsint_rrx_hds                  
     00004B74  __get_remainder                    
     00004B7E  _cpc_WyzConfigurePlayer            
     00004B87  _cpc_WyzInitPlayer                 
     00004BB2  _cpc_WyzLoadSong                   
     00004BBA  _cpc_WyzSetTempo                   
     00004BC3  _cpc_WyzStartEffect                
     00004BCD  _cpc_WyzTestPlayer                 
     00004BD5  _cpc_WyzPlayer                     
     00004BD5  _cpc_WyzSetPlayerOn                
     00004BFE  _cpc_WyzSetPlayerOff               
     00004BFE  _cpc_WyzSetPlayerOff1              
     00005322  _cpc_DisableFirmware               
     00005335  _cpc_EnableFirmware                
     00005342  _cpc_SetMode                       
     00005350  _cpc_SetColour                     
     00005362  _cpc_SetInk                        
     0000536D  _cpc_Random                        
     0000537C  _cpc_ClrScr                        
     0000538A  _cpc_PrintStr                      
     000053AA  _cpc_RLI                           
     000053E6  _cpc_RRI                           
ASxxxx Linker V03.00 + NoICE + sdld,  page 7.
Hexadecimal  [32-Bits]

Area                                    Addr        Size        Decimal Bytes (Attributes)
--------------------------------        ----        ----        ------- ----- ------------
_CODE                               00000138    00005E92 =       24210. bytes (REL,CON)

      Value  Global                              Global Defined In Module
      -----  --------------------------------   ------------------------
     00005422  __divsuchar_rrx_s                  
     0000542E  __divuschar_rrx_s                  
     0000543D  __divuint_rrx_s                    
     00005445  __divuchar_rrx_s                   
     0000544C  __divu8                            
     0000544C  __divuchar_rrx_hds                 
     0000544F  __divu16                           
     0000544F  __divuint_rrx_hds                  
     0000547E  __moduchar_rrx_s                   
     00005485  __moduchar_rrx_hds                 
     0000548A  __moduint_rrx_s                    
     00005490  __moduint_rrx_hds                  
     000054B5  _vsprintf                          sprintf
     000054B5  _vsprintf_start                    sprintf
     000054EA  _sprintf                           sprintf
     000054EA  _sprintf_start                     sprintf
     000054EA  _vsprintf_end                      sprintf
     00005521  _sprintf_end                       sprintf
     00005630  __print_format                     printf_large
     00005630  __print_format_start               printf_large
     00005FAF  __print_format_end                 printf_large
     00005FBA  _strlen                            
     00005FC9  __sdcc_call_hl                     

ASxxxx Linker V03.00 + NoICE + sdld,  page 8.
Hexadecimal  [32-Bits]

Area                                    Addr        Size        Decimal Bytes (Attributes)
--------------------------------        ----        ----        ------- ----- ------------
_DATA                               00005FCA    00000315 =         789. bytes (REL,CON)

      Value  Global                              Global Defined In Module
      -----  --------------------------------   ------------------------
     00005FCA  _aStars                            alien6
     0000601A  _disparos                          alien6
     00006065  _disparos_activos                  alien6
     00006066  _disparosMalos                     alien6
     000060A2  _disparos_malos_activos            alien6
     000060A3  _MAX_DISPAROS_MALOS                alien6
     000060A4  _prota                             alien6
     000060BD  _malos                             alien6
     000061A5  _malos_activos                     alien6
     000061A6  _explosiones                       alien6
     00006266  _explosiones_activas               alien6
     00006267  _explosion_sprite                  alien6
     00006277  _explosiones_lastUpdated           alien6
     0000627B  _explosiones_prota                 alien6
     00006299  _explosion_prota_lastUpdated       alien6
     0000629D  _fase_explosion_prota              alien6
     0000629E  _explosion_prota_activada          alien6
     0000629F  _fin_explosion_prota               alien6
     000062A0  _state                             alien6
     000062A1  _previous_state                    alien6
     000062A2  _nivel                             alien6
     000062A3  _hostilidad                        alien6
     000062A4  _aux_txt                           alien6
     000062AA  _velXForm                          alien6
     000062AB  _velYForm                          alien6
     000062AC  _stepCount                         alien6
     000062AD  _formMoved                         alien6
     000062AE  _ataques                           alien6
     000062C0  _ataques_activos                   alien6
     000062C1  _max_ataques_activos               alien6
     000062C2  _addones                           alien6
     000062D6  _addones_activos                   alien6
     000062D7  _addon_sprite                      alien6
ASxxxx Linker V03.00 + NoICE + sdld,  page 9.
Hexadecimal  [32-Bits]

Area                                    Addr        Size        Decimal Bytes (Attributes)
--------------------------------        ----        ----        ------- ----- ------------
_INITIALIZED                        000062DF    00000391 =         913. bytes (REL,CON)

      Value  Global                              Global Defined In Module
      -----  --------------------------------   ------------------------
     000062DF  _trayectoria1                      alien6
     000062F3  _tintas                            alien6
     00006304  _nave                              alien6
     00006346  _baddie01                          alien6
     00006384  _baddie02                          alien6
     000063A6  _baddie03                          alien6
     000063C8  _explosion02000                    alien6
     0000640A  _explosion02001                    alien6
     0000644C  _explosion02002                    alien6
     0000648E  _explosion02003                    alien6
     000064D0  _explosion02004                    alien6
     00006512  _shot2                             alien6
     00006520  _shot3                             alien6
     0000652A  _heart                             alien6
     0000653B  _plane                             alien6
     0000654C  _greenFlag                         alien6
     0000655A  _redFlag                           alien6
     00006568  _toque000                          alien6
     0000657A  _toque001                          alien6
     0000658C  _toque002                          alien6
     0000659E  _toque003                          alien6
     000065B0  _toque004                          alien6
     000065C2  _fire000                           alien6
     000065C8  _fire001                           alien6
     000065CE  _fire002                           alien6
     000065D4  _addones000                        alien6
     000065F6  _addones001                        alien6
     00006618  _addones002                        alien6
     0000663A  _addones003                        alien6
     0000665C  _timer0                            alien6
     0000665E  _timer1                            alien6
     00006660  _nFPS                              alien6
     00006661  _nTimeLast                         alien6
     00006665  _nStar                             alien6
     00006666  _pStar                             alien6
     00006668  _lastMovedEstrella                 alien6
     0000666C  _estrellasMovidas                  alien6
     0000666D  _score                             alien6
     0000666F  _cambio_score                      alien6
ASxxxx Linker V03.00 + NoICE + sdld,  page 10.
Hexadecimal  [32-Bits]

Area                                    Addr        Size        Decimal Bytes (Attributes)
--------------------------------        ----        ----        ------- ----- ------------
_GSINIT                             00006670    0000000F =          15. bytes (REL,CON)

      Value  Global                              Global Defined In Module
      -----  --------------------------------   ------------------------
     00006670  gsinit                             crt0

ASxxxx Linker V03.00 + NoICE + sdld,  page 11.
Hexadecimal  [32-Bits]

Area                                    Addr        Size        Decimal Bytes (Attributes)
--------------------------------        ----        ----        ------- ----- ------------
_GSFINAL                            0000667F    00000001 =           1. bytes (REL,CON)

      Value  Global                              Global Defined In Module
      -----  --------------------------------   ------------------------
ASxxxx Linker V03.00 + NoICE + sdld,  page 12.
Hexadecimal  [32-Bits]

Area                                    Addr        Size        Decimal Bytes (Attributes)
--------------------------------        ----        ----        ------- ----- ------------
_INITIALIZER                        00006680    00000391 =         913. bytes (REL,CON)

      Value  Global                              Global Defined In Module
      -----  --------------------------------   ------------------------
ASxxxx Linker V03.00 + NoICE + sdld,  page 13.
Hexadecimal  [32-Bits]

Area                                    Addr        Size        Decimal Bytes (Attributes)
--------------------------------        ----        ----        ------- ----- ------------
_HEADER0                            00000000    00000003 =           3. bytes (ABS,CON)

      Value  Global                              Global Defined In Module
      -----  --------------------------------   ------------------------
ASxxxx Linker V03.00 + NoICE + sdld,  page 14.
Hexadecimal  [32-Bits]

Area                                    Addr        Size        Decimal Bytes (Attributes)
--------------------------------        ----        ----        ------- ----- ------------
_HEADER1                            00000000    00000009 =           9. bytes (ABS,CON)

      Value  Global                              Global Defined In Module
      -----  --------------------------------   ------------------------
ASxxxx Linker V03.00 + NoICE + sdld,  page 15.

Files Linked                              [ module(s) ]

alien6.rel                                [ alien6 ]
crt0_cpc.rel                              [ crt0 ]


Libraries Linked                          [ object file ]

D:\programas\SDCC\bin\..\lib\z80/cpcrslib2.lib
                                          [ Keyboard.rel ]
D:\programas\SDCC\bin\..\lib\z80/alienlib.lib
                                          [ alienlib.rel ]
D:\programas\SDCC\bin\..\lib\z80/cpcrslib2.lib
                                          [ GphStr.rel ]
D:\programas\SDCC\bin\..\lib\z80/z80.lib  [ modmixed.rel ]
D:\programas\SDCC\bin\..\lib\z80/z80.lib  [ divsigned.rel ]
D:\programas\SDCC\bin\..\lib\z80/cpcwyzlib.lib
                                          [ Wyz.rel ]
D:\programas\SDCC\bin\..\lib\z80/cpcrslib2.lib
                                          [ cpcrslib2.rel ]
D:\programas\SDCC\bin\..\lib\z80/z80.lib  [ divmixed.rel ]
D:\programas\SDCC\bin\..\lib\z80/z80.lib  [ divunsigned.rel ]
D:\programas\SDCC\bin\..\lib\z80/z80.lib  [ modunsigned.rel ]
D:\programas\SDCC\bin\..\lib\z80/z80.lib  [ sprintf.rel ]
D:\programas\SDCC\bin\..\lib\z80/z80.lib  [ printf_large.rel ]
D:\programas\SDCC\bin\..\lib\z80/z80.lib  [ strlen.rel ]
D:\programas\SDCC\bin\..\lib\z80/z80.lib  [ crtcall.rel ]

ASxxxx Linker V03.00 + NoICE + sdld,  page 16.

User Base Address Definitions

_CODE = 0x0138
_DATA = 0x0000

